// Jest Snapshot v1, https://goo.gl/fbAQLP

exports[`<Input /> should render the value when typed 1`] = `
.c0 {
  background: var(--background-input);
  border-radius: 4px;
  padding: 1.2rem;
  width: 100%;
  color: #999;
  display: -webkit-box;
  display: -webkit-flex;
  display: -ms-flexbox;
  display: flex;
  -webkit-align-items: center;
  -webkit-box-align: center;
  -ms-flex-align: center;
  align-items: center;
}

.c0 + div {
  margin-top: 8px;
}

.c0 input {
  -webkit-flex: 1;
  -ms-flex: 1;
  flex: 1;
  background: transparent;
  box-shadow: 0 0 0 0;
  border: 0 none;
  outline: 0;
  color: var(--text);
}

.c0 input::-webkit-input-placeholder {
  color: var(--placeholder);
}

.c0 input::-moz-placeholder {
  color: var(--placeholder);
}

.c0 input:-ms-input-placeholder {
  color: var(--placeholder);
}

.c0 input::placeholder {
  color: var(--placeholder);
}

.c0 input::focus {
  outline-offset: 0;
}

.c0 svg {
  margin-right: 16px;
}

<div
  class="c0"
>
  <svg
    fill="currentColor"
    height="20"
    stroke="currentColor"
    stroke-width="0"
    viewBox="0 0 24 24"
    width="20"
    xmlns="http://www.w3.org/2000/svg"
  >
    <path
      d="M15.5 14h-.79l-.28-.27C15.41 12.59 16 11.11 16 9.5 16 5.91 13.09 3 9.5 3S3 5.91 3 9.5 5.91 16 9.5 16c1.61 0 3.09-.59 4.23-1.57l.27.28v.79l5 4.99L20.49 19l-4.99-5zm-6 0C7.01 14 5 11.99 5 9.5S7.01 5 9.5 5 14 7.01 14 9.5 11.99 14 9.5 14z"
    />
  </svg>
  <input
    data-testid="search"
    name="search"
    placeholder="Digite a distÃ¢ncia: ex: 1000000"
    type="search"
  />
</div>
`
